\BOOKMARK [1][-]{section.1}{\376\377\220\011\230\230\200\314\146\157}{}% 1
\BOOKMARK [2][-]{subsection.1.1}{\376\377\116\272\124\130\122\006\135\345}{section.1}% 2
\BOOKMARK [1][-]{section.2}{\376\377\145\271\150\110\213\272\213\301\377\010\213\276\213\241\164\006\137\365\377\011}{}% 3
\BOOKMARK [2][-]{subsection.2.1}{\376\377\000M\000V\000C\213\276\213\241\152\041\137\017}{section.2}% 4
\BOOKMARK [2][-]{subsection.2.2}{\376\377\174\173\166\204\213\276\213\241}{section.2}% 5
\BOOKMARK [2][-]{subsection.2.3}{\376\377\147\232\116\076\210\150\171\072\162\266\140\001}{section.2}% 6
\BOOKMARK [2][-]{subsection.2.4}{\376\377\000c\000m\000a\000k\000e\230\171\166\356\173\241\164\006}{section.2}% 7
\BOOKMARK [2][-]{subsection.2.5}{\376\377\133\236\163\260\166\204\122\237\200\375}{section.2}% 8
\BOOKMARK [2][-]{subsection.2.6}{\376\377\174\373\176\337\133\211\121\150\140\047}{section.2}% 9
\BOOKMARK [2][-]{subsection.2.7}{\376\377\145\160\143\156\166\204\133\214\145\164\140\047}{section.2}% 10
\BOOKMARK [2][-]{subsection.2.8}{\376\377\136\224\165\050\166\204\217\320\210\114\163\257\130\203\123\312\133\371\136\224\211\201\154\102}{section.2}% 11
\BOOKMARK [3][-]{subsubsection.2.8.1}{\376\377\217\320\210\114\163\257\130\203}{subsection.2.8}% 12
\BOOKMARK [3][-]{subsubsection.2.8.2}{\376\377\133\371\116\216\211\201\154\102}{subsection.2.8}% 13
\BOOKMARK [1][-]{section.3}{\376\377\217\307\172\013\213\272\217\360}{}% 14
\BOOKMARK [2][-]{subsection.3.1}{\376\377\133\217\211\302\150\106\147\266}{section.3}% 15
\BOOKMARK [2][-]{subsection.3.2}{\376\377\153\042\217\316\165\114\227\142}{section.3}% 16
\BOOKMARK [3][-]{subsubsection.3.2.1}{\376\377\116\073\165\114\227\142}{subsection.3.2}% 17
\BOOKMARK [3][-]{subsubsection.3.2.2}{\376\377\145\260\136\372\117\361\116\120\220\350}{subsection.3.2}% 18
\BOOKMARK [3][-]{subsubsection.3.2.3}{\376\377\217\175\121\145\117\361\116\120\220\350}{subsection.3.2}% 19
\BOOKMARK [3][-]{subsubsection.3.2.4}{\376\377\122\040\226\144\117\361\116\120\220\350}{subsection.3.2}% 20
\BOOKMARK [2][-]{subsection.3.3}{\376\377\116\073\203\334\123\125}{section.3}% 21
\BOOKMARK [2][-]{subsection.3.4}{\376\377\117\361\116\120\220\350\117\341\140\157}{section.3}% 22
\BOOKMARK [3][-]{subsubsection.3.4.1}{\376\377\145\345\137\327\377\010\122\250\140\001\377\011}{subsection.3.4}% 23
\BOOKMARK [2][-]{subsection.3.5}{\376\377\136\002\127\072}{section.3}% 24
\BOOKMARK [3][-]{subsubsection.3.5.1}{\376\377\215\055\116\160\220\011\142\113}{subsection.3.5}% 25
\BOOKMARK [3][-]{subsubsection.3.5.2}{\376\377\123\126\121\372\220\011\142\113}{subsection.3.5}% 26
\BOOKMARK [2][-]{subsection.3.6}{\376\377\215\133\116\213}{section.3}% 27
\BOOKMARK [2][-]{subsection.3.7}{\376\377\143\222\124\015}{section.3}% 28
\BOOKMARK [1][-]{section.4}{\376\377\176\323\147\234\122\006\147\220}{}% 29
\BOOKMARK [1][-]{section.5}{\376\377\213\376\172\013\213\276\213\241\140\073\176\323}{}% 30
\BOOKMARK [2][-]{subsection.5.1}{\376\377\220\107\122\060\166\204\225\356\230\230\124\214\211\343\121\263\145\271\154\325}{section.5}% 31
\BOOKMARK [2][-]{subsection.5.2}{\376\377\172\013\136\217\214\003\213\325\200\375\122\233\166\204\140\035\200\003}{section.5}% 32
\BOOKMARK [2][-]{subsection.5.3}{\376\377\123\116\116\072\116\221\215\104\156\220\166\204\117\177\165\050}{section.5}% 33
\BOOKMARK [2][-]{subsection.5.4}{\376\377\213\376\172\013\213\276\213\241\217\307\172\013\116\055\166\204\145\066\203\267\124\214\117\123\117\032}{section.5}% 34
